>>> say_my_name = __import__("3-say_my_name").say_my_name

>>> say_my_name("Churchil", )
My name is Churchil 

>>> say_my_name("Churchil", "Okech")
My name is Churchil Okech

>>> say_my_name("Churchil", 3)
Traceback (most recent call last):
TypeError: last_name must be a string

>>> say_my_name(3, "Okech")
Traceback (most recent call last):
TypeError: first_name must be a string

>>> say_my_name(2, 3)
Traceback (most recent call last):
TypeError: first_name must be a string

>>> say_my_name(2, )
Traceback (most recent call last):
TypeError: first_name must be a string

>>> say_my_name()
TypeError: first_name must be a string
